// Jest Snapshot v1, https://goo.gl/fbAQLP

exports[`ClayDataProvider should render the default markup 1`] = `
<div>
  <div>DataProvider</div>
</div>
`;
